// Jest Snapshot v1, https://goo.gl/fbAQLP

exports[`Scene should match the snapshot for a nested active scene 1`] = `
<skGroup
  clip={
    {
      "height": 300,
      "width": 300,
      "x": 0,
      "y": 0,
    }
  }
  opacity={
    {
      "_isReanimatedSharedValue": true,
      "_value": 1,
      "addListener": [Function],
      "modify": [Function],
      "removeListener": [Function],
      "value": 1,
    }
  }
  transform={
    {
      "_isReanimatedSharedValue": true,
      "_value": [
        {
          "translateY": 0,
        },
      ],
      "addListener": [Function],
      "modify": [Function],
      "removeListener": [Function],
      "value": [
        {
          "translateY": 0,
        },
      ],
    }
  }
>
  <skGroup
    clip={
      {
        "height": 300,
        "width": 300,
        "x": 0,
        "y": 0,
      }
    }
    opacity={
      {
        "_isReanimatedSharedValue": true,
        "_value": 1,
        "addListener": [Function],
        "modify": [Function],
        "removeListener": [Function],
        "value": 1,
      }
    }
    transform={
      {
        "_isReanimatedSharedValue": true,
        "_value": [
          {
            "translateY": 0,
          },
        ],
        "addListener": [Function],
        "modify": [Function],
        "removeListener": [Function],
        "value": [
          {
            "translateY": 0,
          },
        ],
      }
    }
  >
    <Text>
      Nested Scene Content
    </Text>
  </skGroup>
  <Text>
    Parent Scene Content
  </Text>
</skGroup>
`;

exports[`Scene should match the snapshot for a nested inactive scene 1`] = `null`;
